<PLAINTEXT>

default http://aleph0.clarku.edu/~djoyce/java/elements/elements.html

rect http://aleph0.clarku.edu/~djoyce/java/elements/bookI/bookI.html     162,10  184,31

rect http://aleph0.clarku.edu/~djoyce/java/elements/bookII/bookII.html    194,34  210,70

rect http://aleph0.clarku.edu/~djoyce/java/elements/bookIII/bookIII.html   215,73  243,98

rect http://aleph0.clarku.edu/~djoyce/java/elements/bookIV/bookIV.html    217,118 242,139

rect http://aleph0.clarku.edu/~djoyce/java/elements/bookV/bookV.html     208,163 231,185

rect http://aleph0.clarku.edu/~djoyce/java/elements/bookVI/bookVI.html    176,199 203,219

rect http://aleph0.clarku.edu/~djoyce/java/elements/bookVII/bookVII.html   134,215 172,236

rect http://aleph0.clarku.edu/~djoyce/java/elements/bookVIII/bookVIII.html   74,215 115,236

rect http://aleph0.clarku.edu/~djoyce/java/elements/bookIX/bookIX.html     44,197  72,218

rect http://aleph0.clarku.edu/~djoyce/java/elements/bookX/bookX.html      16,163  44,183

rect http://aleph0.clarku.edu/~djoyce/java/elements/bookXI/bookXI.html      0,121  31,140

rect http://aleph0.clarku.edu/~djoyce/java/elements/bookXII/bookXII.html     0,78   36,98

rect http://aleph0.clarku.edu/~djoyce/java/elements/bookXIII/bookXIII.html   10,32   57,54



